Username: admin | Password: 1234
Username: admin | Password: 11234
Username: ' OR 1=1 -- | Password: test
ALERT! SQL Injection Detected -> ' OR 1=1 -- test
Username: admin | Password: 1234
Username: <script>alert('hack')</script> | Password: teat
ALERT! XSS Attack Detected -> <script>alert('hack')</script> teat

TIME: 2026-05-23 23:39:55.333136
IP: 127.0.0.1
Username: admin
Password: 1234
STATUS: Normal Login
-----------------------------------

TIME: 2026-05-24 00:01:01.731337
IP: 127.0.0.1
Username: admin
Password: 1234
STATUS: Normal Login
-----------------------------------

TIME: 2026-05-24 00:05:27.317053
IP: 127.0.0.1
Username: aadasrh
STATUS: Failed Login
-----------------------------------

TIME: 2026-05-24 00:05:42.628526
IP: 127.0.0.1
Username: admin
STATUS: Failed Login
-----------------------------------

TIME: 2026-05-24 00:05:50.808547
IP: 127.0.0.1
Username: admin
STATUS: Failed Login
-----------------------------------

TIME: 2026-05-24 00:05:50.808547
IP: 127.0.0.1
SEVERITY: CRITICAL
ALERT: Brute Force Attack Detected
FAILED ATTEMPTS: 3
-----------------------------------

TIME: 2026-05-24 00:18:31.130605
IP: 127.0.0.1
Username: admin
STATUS: Failed Login
FAILED ATTEMPTS: 1
-----------------------------------

TIME: 2026-05-24 00:18:44.084082
IP: 127.0.0.1
Username: admin
STATUS: Successful Login
-----------------------------------

TIME: 2026-05-24 00:19:22.806820
IP: 127.0.0.1
Username: admin
STATUS: Failed Login
FAILED ATTEMPTS: 2
-----------------------------------

TIME: 2026-05-24 00:19:28.465777
IP: 127.0.0.1
Username: admin
STATUS: Successful Login
-----------------------------------

TIME: 2026-05-24 00:34:50.009189
IP: 127.0.0.1
Username: admin
STATUS: Successful Login
-----------------------------------

TIME: 2026-05-24 00:41:29.154779
IP: 127.0.0.1
Username: admin
STATUS: Successful Login
-----------------------------------

TIME: 2026-05-24 00:42:36.051108
IP: 127.0.0.1
Username: <script>alert('hack')</script>
STATUS: Failed Login
FAILED ATTEMPTS: 1
-----------------------------------

TIME: 2026-05-24 00:42:36.051108
IP: 127.0.0.1
SEVERITY: HIGH
ALERT: XSS Attack Detected
INPUT: <script>alert('hack')</script> efe
-----------------------------------

TIME: 2026-05-26 21:41:57.673123
IP: 127.0.0.1
USERNAME: admin 
STATUS: Failed Login
FAILED ATTEMPTS: 1
-----------------------------------

TIME: 2026-05-26 21:42:43.244050
IP: 127.0.0.1
USERNAME: admin 
STATUS: Failed Login
FAILED ATTEMPTS: 2
-----------------------------------

TIME: 2026-05-26 21:45:00.174586
IP: 127.0.0.1
USERNAME: admin
STATUS: Failed Login
FAILED ATTEMPTS: 3
-----------------------------------

TIME: 2026-05-26 21:45:00.174586
IP: 127.0.0.1
SEVERITY: CRITICAL
ALERT: Brute Force Attack Detected
FAILED ATTEMPTS: 3
-----------------------------------

TIME: 2026-05-28 20:36:55.884127
IP: 127.0.0.1
USERNAME: admin
STATUS: Successful Login
-----------------------------------

TIME: 2026-05-28 20:37:01.440769
IP: 127.0.0.1
USERNAME: admin
STATUS: Failed Login
FAILED ATTEMPTS: 1
-----------------------------------

TIME: 2026-05-28 20:37:21.877698
IP: 127.0.0.1
USERNAME: admin
STATUS: Failed Login
FAILED ATTEMPTS: 2
-----------------------------------

TIME: 2026-05-28 20:39:45.068913
IP: 127.0.0.1
USERNAME: admin
STATUS: Failed Login
FAILED ATTEMPTS: 3
-----------------------------------

TIME: 2026-05-28 20:39:45.068913
IP: 127.0.0.1
SEVERITY: CRITICAL
ALERT: Brute Force Attack Detected
FAILED ATTEMPTS: 3
-----------------------------------

TIME: 2026-05-28 20:42:29.781912
IP: 127.0.0.1
USERNAME: admin
STATUS: Failed Login
FAILED ATTEMPTS: 4
-----------------------------------

TIME: 2026-05-28 20:42:29.781912
IP: 127.0.0.1
SEVERITY: CRITICAL
ALERT: Brute Force Attack Detected
FAILED ATTEMPTS: 4
-----------------------------------

TIME: 2026-05-28 20:45:45.928473
IP: 127.0.0.1
USERNAME: admin
STATUS: Failed Login
FAILED ATTEMPTS: 1
-----------------------------------

TIME: 2026-05-28 20:45:53.517572
IP: 127.0.0.1
USERNAME: admin
STATUS: Successful Login
-----------------------------------

TIME: 2026-05-28 21:43:41.531389
IP: 127.0.0.1
USERNAME: ' OR 1=1 --
STATUS: Failed Login
FAILED ATTEMPTS: 1
-----------------------------------

TIME: 2026-05-28 21:43:41.531389
IP: 127.0.0.1
SEVERITY: HIGH
ALERT: SQL Injection Detected
INPUT: ' OR 1=1 -- 123
-----------------------------------

TIME: 2026-05-28 23:35:09.898278
IP: 127.0.0.1
USERNAME: ' OR 1=1 --
STATUS: Failed Login
FAILED ATTEMPTS: 1
-----------------------------------

TIME: 2026-05-28 23:35:09.898278
IP: 127.0.0.1
SEVERITY: HIGH
ALERT: SQL Injection Detected
INPUT: ' OR 1=1 -- wwd
-----------------------------------

TIME: 2026-05-28 23:37:15.644202
IP: 127.0.0.1
USERNAME: <script>alert('XSS')</script>
STATUS: Failed Login
FAILED ATTEMPTS: 2
-----------------------------------

TIME: 2026-05-28 23:37:15.644202
IP: 127.0.0.1
SEVERITY: HIGH
ALERT: XSS Attack Detected
INPUT: <script>alert('XSS')</script> wee
-----------------------------------

TIME: 2026-05-28 23:37:33.431462
IP: 127.0.0.1
USERNAME: fwe
STATUS: Failed Login
FAILED ATTEMPTS: 3
-----------------------------------

TIME: 2026-05-28 23:37:33.431462
IP: 127.0.0.1
SEVERITY: CRITICAL
ALERT: Brute Force Attack Detected
FAILED ATTEMPTS: 3
-----------------------------------

TIME: 2026-05-28 23:37:46.428184
IP: 127.0.0.1
USERNAME: ewfwf
STATUS: Failed Login
FAILED ATTEMPTS: 4
-----------------------------------

TIME: 2026-05-28 23:37:46.428184
IP: 127.0.0.1
SEVERITY: CRITICAL
ALERT: Brute Force Attack Detected
FAILED ATTEMPTS: 4
-----------------------------------

TIME: 2026-05-28 23:43:54.558847
IP: 127.0.0.1
USERNAME: wefwwf3r
STATUS: Failed Login
FAILED ATTEMPTS: 1
-----------------------------------

TIME: 2026-05-28 23:45:45.855810
IP: 127.0.0.1
USERNAME: edc
STATUS: Failed Login
FAILED ATTEMPTS: 1
-----------------------------------

TIME: 2026-05-28 23:48:10.348337
IP: 127.0.0.1
USERNAME: qw
STATUS: Failed Login
FAILED ATTEMPTS: 1
-----------------------------------

TIME: 2026-05-28 23:48:21.305178
IP: 127.0.0.1
USERNAME: jnsjfnjs
STATUS: Failed Login
FAILED ATTEMPTS: 2
-----------------------------------

TIME: 2026-05-28 23:48:29.586001
IP: 127.0.0.1
USERNAME: sdn 
STATUS: Failed Login
FAILED ATTEMPTS: 3
-----------------------------------

TIME: 2026-05-28 23:48:29.586001
IP: 127.0.0.1
SEVERITY: CRITICAL
ALERT: Brute Force Attack Detected
FAILED ATTEMPTS: 3
-----------------------------------

TIME: 2026-05-28 23:48:37.981178
IP: 127.0.0.1
USERNAME: ndsjn
STATUS: Failed Login
FAILED ATTEMPTS: 4
-----------------------------------

TIME: 2026-05-28 23:48:37.981178
IP: 127.0.0.1
SEVERITY: CRITICAL
ALERT: Brute Force Attack Detected
FAILED ATTEMPTS: 4
-----------------------------------
